/**
 * This file is generated. Do not modify it manually!
 *
 * @generated SignedSource<<4629cbcff712b1174d1d18a5ea2f48e24c418d26593a30253c2c181b7cf78590b894a8a2f0d13924fd100122d7d2c788f1c5891df18b65402afe9cbf9246bde5>>
 */
package foopackage
