//go:generate
/**
 * This file is partially generated. Only make modifications between BEGIN MANUAL SECTION and END MANUAL SECTION designators.
 *
 * @partially-generated SignedSource<<5806f7533cd098d5186e31053b2e78e6713d22a038e177007ed0a8949218a731f2a3af2933d0e050ba4f9bc6bdc0c73ac64e26674873661391808f09577577d5>>
 */
package foopackage
